]0;/home/quiroz/Documents/Vegetal]0;quiroz@daniel: ~/Documents/Vegetal[01;32mquiroz@daniel[00m:[01;34m~/Documents/Vegetal[00m$ mkdir plots
]0;/home/quiroz/Documents/Vegetal]0;quiroz@daniel: ~/Documents/Vegetal[01;32mquiroz@daniel[00m:[01;34m~/Documents/Vegetal[00m$ mv plots/[K[K[K[K[K[Kall_vars.png plots/
]0;/home/quiroz/Documents/Vegetal]0;quiroz@daniel: ~/Documents/Vegetal[01;32mquiroz@daniel[00m:[01;34m~/Documents/Vegetal[00m$ su
Password: 
]0;/home/quiroz/Documents/Vegetalroot@daniel:/home/quiroz/Documents/Vegetal# R

R version 3.5.2 (2018-12-20) -- "Eggshell Igloo"
Copyright (C) 2018 The R Foundation for Statistical Computing
Platform: x86_64-pc-linux-gnu (64-bit)

R is free software and comes with ABSOLUTELY NO WARRANTY.
You are welcome to redistribute it under certain conditions.
Type 'license()' or 'licence()' for distribution details.

  Natural language support but running in an English locale

R is a collaborative project with many contributors.
Type 'contributors()' for more information and
'citation()' on how to cite R or R packages in publications.

Type 'demo()' for some demos, 'help()' for on-line help, or
'help.start()' for an HTML browser interface to help.
Type 'q()' to quit R.

> install.packages()')')g')g')s')i')g')n')i')f')
Installing package into ‘/usr/local/lib/R/site-library’
(as ‘lib’ is unspecified)
trying URL 'https://cloud.r-project.org/src/contrib/ggsignif_0.4.0.tar.gz'
Content type 'application/x-gzip' length 102621 bytes (100 KB)
==================================================
downloaded 100 KB

* installing *source* package ‘ggsignif’ ...
** package ‘ggsignif’ successfully unpacked and MD5 sums checked
** R
** inst
** byte-compile and prepare package for lazy loading
** help
*** installing help indices
** building package indices
** installing vignettes
** testing if installed package can be loaded
* DONE (ggsignif)

The downloaded source packages are in
	‘/tmp/RtmpTiUC1h/downloaded_packages’
> install.packages('ggsignif')[1P')[1P')[1P')[1P')[1P')[1P')p')u')b')r')
Installing package into ‘/usr/local/lib/R/site-library’
(as ‘lib’ is unspecified)
also installing the dependencies ‘ggrepel’, ‘ggsci’, ‘polynom’

trying URL 'https://cloud.r-project.org/src/contrib/ggrepel_0.8.0.tar.gz'
Content type 'application/x-gzip' length 226688 bytes (221 KB)
==================================================
downloaded 221 KB

trying URL 'https://cloud.r-project.org/src/contrib/ggsci_2.9.tar.gz'
Content type 'application/x-gzip' length 2873033 bytes (2.7 MB)
==================================================
downloaded 2.7 MB

trying URL 'https://cloud.r-project.org/src/contrib/polynom_1.3-9.tar.gz'
Content type 'application/x-gzip' length 17201 bytes (16 KB)
==================================================
downloaded 16 KB

trying URL 'https://cloud.r-project.org/src/contrib/ggpubr_0.2.tar.gz'
Content type 'application/x-gzip' length 2656368 bytes (2.5 MB)
==================================================
downloaded 2.5 MB

* installing *source* package ‘ggrepel’ ...
** package ‘ggrepel’ successfully unpacked and MD5 sums checked
** libs
g++  -I"/usr/share/R/include" -DNDEBUG  -I"/usr/local/lib/R/site-library/Rcpp/include"    -fpic  -g -O2 -fdebug-prefix-map=/home/jranke/git/r-backports/stretch/r-base-3.5.2=. -fstack-protector-strong -Wformat -Werror=format-security -Wdate-time -D_FORTIFY_SOURCE=2 -g  -c RcppExports.cpp -o RcppExports.o
g++  -I"/usr/share/R/include" -DNDEBUG  -I"/usr/local/lib/R/site-library/Rcpp/include"    -fpic  -g -O2 -fdebug-prefix-map=/home/jranke/git/r-backports/stretch/r-base-3.5.2=. -fstack-protector-strong -Wformat -Werror=format-security -Wdate-time -D_FORTIFY_SOURCE=2 -g  -c repel_boxes.cpp -o repel_boxes.o
g++ -shared -L/usr/lib/R/lib -Wl,-z,relro -o ggrepel.so RcppExports.o repel_boxes.o -L/usr/lib/R/lib -lR
installing to /usr/local/lib/R/site-library/ggrepel/libs
** R
** inst
** byte-compile and prepare package for lazy loading
** help
*** installing help indices
** building package indices
** installing vignettes
** testing if installed package can be loaded
* DONE (ggrepel)
* installing *source* package ‘ggsci’ ...
** package ‘ggsci’ successfully unpacked and MD5 sums checked
** R
** inst
** byte-compile and prepare package for lazy loading
** help
*** installing help indices
** building package indices
** installing vignettes
** testing if installed package can be loaded
* DONE (ggsci)
* installing *source* package ‘polynom’ ...
** package ‘polynom’ successfully unpacked and MD5 sums checked
** R
** inst
** byte-compile and prepare package for lazy loading
** help
*** installing help indices
** building package indices
** testing if installed package can be loaded
* DONE (polynom)
* installing *source* package ‘ggpubr’ ...
** package ‘ggpubr’ successfully unpacked and MD5 sums checked
** R
** data
*** moving datasets to lazyload DB
** inst
** byte-compile and prepare package for lazy loading
** help
*** installing help indices
** building package indices
** testing if installed package can be loaded
* DONE (ggpubr)

The downloaded source packages are in
	‘/tmp/RtmpTiUC1h/downloaded_packages’
> exi[K[K[Kq()
Save workspace image? [y/n/c]: n
]0;/home/quiroz/Documents/Vegetalroot@daniel:/home/quiroz/Documents/Vegetal# git add *
]0;/home/quiroz/Documents/Vegetalroot@daniel:/home/quiroz/Documents/Vegetal# git com[K[K[Kcommit -u '[K''c'h'e'c'k' 'p'l'o't'
error: pathspec 'check plot' did not match any file(s) known to git.
]0;/home/quiroz/Documents/Vegetalroot@daniel:/home/quiroz/Documents/Vegetal# git [K[K[K[Kgit status
On branch master
Changes to be committed:
  (use "git reset HEAD <file>..." to unstage)

	[32mmodified:   code.R[m
	[32mmodified:   data.xlsx[m
	[32mnew file:   tmp.png[m

Changes not staged for commit:
  (use "git add/rm <file>..." to update what will be committed)
  (use "git checkout -- <file>..." to discard changes in working directory)

	[31mmodified:   code.R[m
	[31mmodified:   plots/all_vars.png[m
	[31mdeleted:    tmp.png[m

Untracked files:
  (use "git add <file>..." to include in what will be committed)

	[31m.Rproj.user/[m
	[31m.~lock.data.xlsx#[m

]0;/home/quiroz/Documents/Vegetalroot@daniel:/home/quiroz/Documents/Vegetal# git statuscommit -u 'check plot'[1P[1@m[C[C[C[C[C[C[C[C[C[C[C[C[1P'[1P'[1P'[1P'[1P'[1P'[1P'[1P'[1P'[1P'b'a'r' 'p'o't'[1P'[1P'l'o't'

*** Please tell me who you are.

Run

  git config --global user.email "you@example.com"
  git config --global user.name "Your Name"

to set your account's default identity.
Omit --global to set the identity only in this repository.

fatal: unable to auto-detect email address (got 'root@daniel.(none)')
]0;/home/quiroz/Documents/Vegetalroot@daniel:/home/quiroz/Documents/Vegetal# git config "[Kuser.email ""c"r"i"s"t"i"a"n"q"u"i"r"o"z"d"1" [A[C[C[C[C[C[C[C[C[C[C[C[C[C[C[C[C[C[C[C[C[C[C[C[C[C[C[C[C[C[C[C[C[C[C[C[C[C[C[C[C[C[C[C[C[C[C[C[C[C[C[C[C[C[C[C[C[C[C[C[C[C[C[C[C[C[C[C[C[C[C[C[C[C[C[C[C[C[C[C[C[C[C9""9"7"@"g"m"a"i"l"."c"o"m"
]0;/home/quiroz/Documents/Vegetalroot@daniel:/home/quiroz/Documents/Vegetal# git config user.email "cristianquirozd19997@gmail.com"[K[K[K[K[K[K[K[K[K[K[K[K[K[A[C[C[C[C[C[C[C[C[C[C[C[C[C[C[C[C[C[C[C[C[C[C[C[C[C[C[C[C[C[C[C[C[C[C[C[C[C[C[C[C[C[C[C[C[C[C[C[C[C[C[C[C[C[C[C[C[C[C[C[C[C[C[C[C[C[C[C[C[C[C[C[C[C[C[C[C[C[C[C[C[C[C[C[K
[K[A[C[C[C[C[C[C[C[C[C[C[C[C[C[C[C[C[C[C[C[C[C[C[C[C[C[C[C[C[C[C[C[C[C[C[C[C[C[C[C[C[C[C[C[C[C[C[C[C[C[C[C[C[C[C[C[C[C[C[C[C[C[C[C[C[C[C[C[C[C[C[C[C[C[C[C[C[C[C[C[C[C[C[C[K[K[K[K[K[K[K[K[K[K[K[K[K[K[K[K[K[K[K[K[K[K[Kname ""D"a"n"i"e"l"Q"u"i"r"o"z"9"7"
]0;/home/quiroz/Documents/Vegetalroot@daniel:/home/quiroz/Documents/Vegetal# git config user.name "DanielQuiroz97"email "cristianquirozd19997@gmail.com"[A[C[C[C[C[C[C[C[C[C[C[C[C[C[C[C[C[C[C[C[C[C[C[C[C[C[C[C[C[C[C[C[C[C[C[C[C[C[16Pmmit -m 'bar plot'
[K[A[C[C[C[C[C[C[C[C[C[C[C[C[C[C[C[C[C[C[C[C[C[C[C[C[C[C[C[C[C[C[C[C[C[C[C[C[C[C[C[C[C[C[C[C[C[C[C[C[C[C[C[C[C[C[C[C[C[C[C[C[C[C[C[C[C[C[C[C
[master 81f0542] bar plot
 3 files changed, 11 insertions(+), 3 deletions(-)
 rewrite data.xlsx (85%)
 create mode 100644 tmp.png
]0;/home/quiroz/Documents/Vegetalroot@daniel:/home/quiroz/Documents/Vegetal# git push master
fatal: 'master' does not appear to be a git repository
fatal: Could not read from remote repository.

Please make sure you have the correct access rights
and the repository exists.
]0;/home/quiroz/Documents/Vegetalroot@daniel:/home/quiroz/Documents/Vegetal# git push master[K[K[K[K[K[Koriging[K master
The authenticity of host 'github.com (192.30.253.113)' can't be established.
RSA key fingerprint is SHA256:nThbg6kXUpJWGl7E1IGOCspRomTxdCARLviKw6E5SY8.
Are you sure you want to continue connecting (yes/no)? yes
Warning: Permanently added 'github.com,192.30.253.113' (RSA) to the list of known hosts.
Counting objects: 5, done.
Delta compression using up to 4 threads.
Compressing objects:  20% (1/5)   Compressing objects:  40% (2/5)   Compressing objects:  60% (3/5)   Compressing objects:  80% (4/5)   Compressing objects: 100% (5/5)   Compressing objects: 100% (5/5), done.
Writing objects:  20% (1/5)   Writing objects:  40% (2/5)   Writing objects:  60% (3/5)   Writing objects:  80% (4/5)   Writing objects: 100% (5/5)   Writing objects: 100% (5/5), 225.61 KiB | 0 bytes/s, done.
Total 5 (delta 1), reused 0 (delta 0)
remote: Resolving deltas:   0% (0/1)   [Kremote: Resolving deltas: 100% (1/1)   [Kremote: Resolving deltas: 100% (1/1), completed with 1 local object.[K
To github.com:DanielQuiroz97/p_vulgaris.git
   98dfe2a..81f0542  master -> master
]0;/home/quiroz/Documents/Vegetalroot@daniel:/home/quiroz/Documents/Vegetal# git at[Kdd plots/all_vars.png 
]0;/home/quiroz/Documents/Vegetalroot@daniel:/home/quiroz/Documents/Vegetal# a[Kgit dom[K[K[Kcommit -m ""f"i"n"a"l" "P"[1P"p"[1P"b"a"r"p"l"o"t"
[master 17532cb] final barplot
 1 file changed, 0 insertions(+), 0 deletions(-)
 rewrite plots/all_vars.png (95%)
]0;/home/quiroz/Documents/Vegetalroot@daniel:/home/quiroz/Documents/Vegetal# git commit -m "final barplot"[2Padd plots/all_vars.png [5Ppush origin master[7Pmasterorigin master
Counting objects: 4, done.
Delta compression using up to 4 threads.
Compressing objects:  33% (1/3)   Compressing objects:  66% (2/3)   Compressing objects: 100% (3/3)   Compressing objects: 100% (3/3), done.
Writing objects:  25% (1/4)   Writing objects:  50% (2/4)   Writing objects:  75% (3/4)   Writing objects: 100% (4/4)   Writing objects: 100% (4/4), 217.51 KiB | 0 bytes/s, done.
Total 4 (delta 1), reused 0 (delta 0)
remote: Resolving deltas:   0% (0/1)   [Kremote: Resolving deltas: 100% (1/1)   [Kremote: Resolving deltas: 100% (1/1), completed with 1 local object.[K
To github.com:DanielQuiroz97/p_vulgaris.git
   81f0542..17532cb  master -> master
]0;/home/quiroz/Documents/Vegetalroot@daniel:/home/quiroz/Documents/Vegetal# git status
On branch master
Changes not staged for commit:
  (use "git add/rm <file>..." to update what will be committed)
  (use "git checkout -- <file>..." to discard changes in working directory)

	[31mmodified:   code.R[m
	[31mdeleted:    tmp.png[m

Untracked files:
  (use "git add <file>..." to include in what will be committed)

	[31m.Rproj.user/[m
	[31m.~lock.data.xlsx#[m

no changes added to commit (use "git add" and/or "git commit -a")
]0;/home/quiroz/Documents/Vegetalroot@daniel:/home/quiroz/Documents/Vegetal# f[Kgit status
On branch master
Changes not staged for commit:
  (use "git add/rm <file>..." to update what will be committed)
  (use "git checkout -- <file>..." to discard changes in working directory)

	[31mmodified:   code.R[m
	[31mdeleted:    tmp.png[m

Untracked files:
  (use "git add <file>..." to include in what will be committed)

	[31m.Rproj.user/[m
	[31m.~lock.data.xlsx#[m

no changes added to commit (use "git add" and/or "git commit -a")
]0;/home/quiroz/Documents/Vegetalroot@daniel:/home/quiroz/Documents/Vegetal# git att [K[K[Kdd .*
fatal: ..: '..' is outside repository
]0;/home/quiroz/Documents/Vegetalroot@daniel:/home/quiroz/Documents/Vegetal# git add .*[K[K9.[K[K*.
fatal: pathspec '*.' did not match any files
]0;/home/quiroz/Documents/Vegetalroot@daniel:/home/quiroz/Documents/Vegetal# git add *.[K[K.
